\BOOKMARK [1][-]{section.1}{\376\377\137\025\212\000}{}% 1
\BOOKMARK [2][-]{subsection.1.1}{\376\377\200\314\146\157}{section.1}% 2
\BOOKMARK [2][-]{subsection.1.2}{\376\377\163\260\147\011\145\271\154\325\166\204\134\100\226\120\140\047}{section.1}% 3
\BOOKMARK [2][-]{subsection.1.3}{\376\377\150\070\137\303\140\035\140\363}{section.1}% 4
\BOOKMARK [2][-]{subsection.1.4}{\376\377\213\272\145\207\203\003\126\364}{section.1}% 5
\BOOKMARK [1][-]{section.2}{\376\377\200\314\146\157\116\016\166\370\121\163\170\024\172\166}{}% 6
\BOOKMARK [2][-]{subsection.2.1}{\376\377\142\113\135\345\213\276\213\241\166\204\215\357\137\204\124\057\123\321\137\017}{section.2}% 7
\BOOKMARK [2][-]{subsection.2.2}{\376\377\174\276\170\156\124\214\217\321\117\074\217\320\173\171\117\030\123\026\145\271\154\325}{section.2}% 8
\BOOKMARK [2][-]{subsection.2.3}{\376\377\127\372\116\216\133\146\116\140\166\204\123\125\146\172\200\375\117\123\145\271\154\325}{section.2}% 9
\BOOKMARK [2][-]{subsection.2.4}{\376\377\122\006\134\102\000M\000A\000R\000L}{section.2}% 10
\BOOKMARK [2][-]{subsection.2.5}{\376\377\136\372\152\041\166\370\121\163\116\373\122\241}{section.2}% 11
\BOOKMARK [2][-]{subsection.2.6}{\376\377\170\024\172\166\172\172\166\175\116\016\134\125\147\033}{section.2}% 12
\BOOKMARK [1][-]{section.3}{\376\377\143\320\121\372\166\204\145\271\154\325}{}% 13
\BOOKMARK [2][-]{subsection.3.1}{\376\377\225\356\230\230\136\372\152\041}{section.3}% 14
\BOOKMARK [2][-]{subsection.3.2}{\376\377\000N\000e\000s\000t\000e\000d\000-\000L\000o\000g\000i\000t\122\006\134\102\147\266\147\204}{section.3}% 15
\BOOKMARK [2][-]{subsection.3.3}{\376\377\173\126\165\145\210\150\171\072\124\214\133\146\116\140}{section.3}% 16
\BOOKMARK [2][-]{subsection.3.4}{\376\377\140\047\215\050\124\214\164\006\213\272\122\006\147\220}{section.3}% 17
\BOOKMARK [1][-]{section.4}{\376\377\133\236\232\214\213\276\177\156}{}% 18
\BOOKMARK [2][-]{subsection.4.1}{\376\377\116\377\167\037\163\257\130\203}{section.4}% 19
\BOOKMARK [2][-]{subsection.4.2}{\376\377\213\304\117\060\143\007\150\007}{section.4}% 20
\BOOKMARK [2][-]{subsection.4.3}{\376\377\127\372\176\277\145\271\154\325}{section.4}% 21
\BOOKMARK [2][-]{subsection.4.4}{\376\377\133\236\163\260\176\306\202\202}{section.4}% 22
\BOOKMARK [1][-]{section.5}{\376\377\133\236\232\214\176\323\147\234\116\016\122\006\147\220}{}% 23
\BOOKMARK [2][-]{subsection.5.1}{\376\377\145\164\117\123\140\047\200\375\133\371\153\324}{section.5}% 24
\BOOKMARK [2][-]{subsection.5.2}{\376\377\163\257\130\203\131\015\147\102\136\246\137\161\124\315\122\006\147\220}{section.5}% 25
\BOOKMARK [2][-]{subsection.5.3}{\376\377\211\304\152\041\145\076\131\047\145\110\136\224}{section.5}% 26
\BOOKMARK [1][-]{section.6}{\376\377\176\323\213\272}{}% 27
