step 0/200000 mL=-0.095 wL=72.402 rew=0.00
step 500/200000 mL=nan wL=-79.829 rew=-29871.00
step 1000/200000 mL=nan wL=-77.723 rew=-146593.00
step 1500/200000 mL=nan wL=-52.034 rew=-247488.00
step 2000/200000 mL=nan wL=71552.609 rew=-342848.00
step 2500/200000 mL=nan wL=17304.781 rew=-431716.00
step 3000/200000 mL=335.982 wL=402.846 rew=-550931.00
step 3500/200000 mL=nan wL=4.373 rew=-667499.00
step 4000/200000 mL=nan wL=-4.507 rew=-753417.00
step 4500/200000 mL=2351.339 wL=0.008 rew=-843533.00
step 5000/200000 mL=nan wL=9.414 rew=-940557.00
step 5500/200000 mL=nan wL=32.927 rew=-1014154.00
step 6000/200000 mL=nan wL=-8.227 rew=-1118705.00
step 6500/200000 mL=2335.123 wL=6.149 rew=-1214541.00
step 7000/200000 mL=nan wL=-4.045 rew=-1299789.00
step 7500/200000 mL=2310.074 wL=-17.955 rew=-1404474.00
step 8000/200000 mL=nan wL=12.980 rew=-1509971.00
step 8500/200000 mL=nan wL=-2.359 rew=-1624941.00
step 9000/200000 mL=nan wL=2.175 rew=-1728657.00
step 9500/200000 mL=nan wL=10.216 rew=-1840440.00
step 10000/200000 mL=nan wL=11.725 rew=-1971618.00
step 10500/200000 mL=nan wL=11.130 rew=-2060544.00
step 11000/200000 mL=nan wL=11.934 rew=-2175832.00
step 11500/200000 mL=nan wL=12.242 rew=-2265610.00
step 12000/200000 mL=1758.511 wL=11.463 rew=-2364075.00
step 12500/200000 mL=nan wL=-5.666 rew=-2458911.00
step 13000/200000 mL=nan wL=28.910 rew=-2571170.00
step 13500/200000 mL=nan wL=7.621 rew=-2682027.00
step 14000/200000 mL=nan wL=0.143 rew=-2769046.00
