[SEED] Set random seed to 42 for reproducibility

============================================================
🚀 FULL MODE: 大规模完整训练（适合Google Colab A100）
============================================================
  - 训练步数: 200000
  - 批量大小: 2048
  - 并行环境: 16
  - 评估步数: 300
============================================================

methods:  ['NL-HMARL-AC', 'NL-HMARL', 'Softmax', 'Softmax-AC', 'DQN-Guided', 'DQN-Pure', 'S-Shape', 'Return', 'Optimal']
Devices -> NL: cpu, DQN: cpu
预生成1712个订单，平均到达率: 10272.0订单/小时，突发事件: 103次
订单到达模式图已保存到 results/order_arrival_pattern.png
已保存: results/order_arrival_pattern.png

>>> Evaluating NL-HMARL-AC ...
预生成1773932个订单，平均到达率: 10643.6订单/小时，突发事件: 107494次
3D动态仓库初始化: 12x12, 货架45 (levels=3), 拣货员20, 订单率≈2000/h
预生成1761619个订单，平均到达率: 10569.7订单/小时，突发事件: 106720次
3D动态仓库初始化: 12x12, 货架45 (levels=3), 拣货员20, 订单率≈2000/h
HB NL-HMARL-AC: 1/200000 (0.00%) mL=-0.095 wL=72.545 rew=0.00
step 1/200000 (0.00%) mL=-0.095 rew=0.00
step 32/200000 (0.02%) mL=-0.124 rew=88.00
step 43/200000 (0.02%) mL=-0.109 rew=99.00
step 46/200000 (0.02%) mL=-0.109 rew=174.00
step 55/200000 (0.03%) mL=-0.110 rew=251.00
step 62/200000 (0.03%) mL=-0.110 rew=290.00
step 143/200000 (0.07%) mL=-0.150 rew=358.00
step 155/200000 (0.08%) mL=-0.150 rew=5.00
step 158/200000 (0.08%) mL=-0.150 rew=28.00
step 169/200000 (0.08%) mL=-0.148 rew=-218.00
step 186/200000 (0.09%) mL=-0.150 rew=-504.00
step 222/200000 (0.11%) mL=-0.150 rew=-760.00
step 234/200000 (0.12%) mL=-0.150 rew=-1075.00
step 237/200000 (0.12%) mL=-0.150 rew=-1055.00
step 241/200000 (0.12%) mL=-0.150 rew=-1339.00
step 245/200000 (0.12%) mL=1849.011 rew=-1272.00
step 246/200000 (0.12%) mL=-0.150 rew=-1272.00
step 260/200000 (0.13%) mL=-0.150 rew=-1221.00
step 282/200000 (0.14%) mL=2499.673 rew=-1862.00
step 288/200000 (0.14%) mL=-0.148 rew=-2458.00
step 291/200000 (0.15%) mL=-0.150 rew=-2590.00
step 302/200000 (0.15%) mL=-0.109 rew=-2712.00
step 317/200000 (0.16%) mL=2500.695 rew=-3086.00
step 318/200000 (0.16%) mL=-0.150 rew=-3086.00
step 342/200000 (0.17%) mL=-0.149 rew=-3782.00
step 347/200000 (0.17%) mL=2499.218 rew=-3982.00
step 357/200000 (0.18%) mL=2498.885 rew=-5719.00
step 373/200000 (0.19%) mL=-0.148 rew=-6514.00
step 376/200000 (0.19%) mL=2498.427 rew=-7204.00
step 377/200000 (0.19%) mL=-0.163 rew=-7204.00
step 385/200000 (0.19%) mL=-0.149 rew=-8202.00
step 399/200000 (0.20%) mL=2499.102 rew=-11614.00
step 410/200000 (0.20%) mL=2498.864 rew=-19810.00
step 411/200000 (0.21%) mL=-0.148 rew=-19810.00
step 422/200000 (0.21%) mL=2498.601 rew=-22020.00
step 430/200000 (0.21%) mL=2498.706 rew=-22513.00
step 433/200000 (0.22%) mL=-0.148 rew=-22913.00
step 449/200000 (0.22%) mL=2498.029 rew=-25023.00
step 464/200000 (0.23%) mL=2497.595 rew=-27391.00
step 467/200000 (0.23%) mL=-0.108 rew=-27495.00
step 475/200000 (0.24%) mL=2497.006 rew=-27629.00
step 477/200000 (0.24%) mL=-0.149 rew=-27617.00
step 502/200000 (0.25%) mL=2497.848 rew=-29418.00
step 511/200000 (0.26%) mL=-0.147 rew=-31062.00
step 518/200000 (0.26%) mL=2496.297 rew=-32910.00
step 523/200000 (0.26%) mL=-0.107 rew=-34381.00
step 529/200000 (0.26%) mL=2496.262 rew=-35427.00
step 531/200000 (0.27%) mL=2495.260 rew=-38435.00
step 532/200000 (0.27%) mL=-0.144 rew=-38435.00
step 539/200000 (0.27%) mL=-0.141 rew=-39236.00
step 541/200000 (0.27%) mL=2496.444 rew=-39352.00
step 544/200000 (0.27%) mL=2496.578 rew=-39752.00
step 558/200000 (0.28%) mL=-0.115 rew=-40937.00
step 577/200000 (0.29%) mL=2495.521 rew=-43715.00
step 590/200000 (0.29%) mL=-0.107 rew=-51243.00
step 594/200000 (0.30%) mL=-0.118 rew=-51969.00
step 611/200000 (0.31%) mL=-0.116 rew=-59892.00
step 613/200000 (0.31%) mL=-0.148 rew=-59914.00
step 620/200000 (0.31%) mL=2495.944 rew=-62905.00
step 621/200000 (0.31%) mL=2498.232 rew=-63040.00
step 628/200000 (0.31%) mL=-0.141 rew=-63764.00
step 634/200000 (0.32%) mL=-0.123 rew=-64074.00
step 644/200000 (0.32%) mL=2493.144 rew=-69600.00
step 645/200000 (0.32%) mL=2495.268 rew=-70085.00
step 658/200000 (0.33%) mL=-0.127 rew=-72757.00
step 672/200000 (0.34%) mL=2496.023 rew=-74235.00
step 679/200000 (0.34%) mL=-0.121 rew=-74279.00
step 684/200000 (0.34%) mL=-0.039 rew=-76437.00
step 699/200000 (0.35%) mL=-0.129 rew=-78519.00
step 704/200000 (0.35%) mL=2495.911 rew=-79297.00
step 707/200000 (0.35%) mL=2495.362 rew=-79816.00
step 711/200000 (0.36%) mL=2495.469 rew=-80908.00
step 712/200000 (0.36%) mL=2495.954 rew=-80955.00
step 718/200000 (0.36%) mL=-0.132 rew=-85563.00
step 725/200000 (0.36%) mL=-0.126 rew=-86461.00
step 743/200000 (0.37%) mL=-0.115 rew=-93817.00
step 752/200000 (0.38%) mL=2493.815 rew=-96937.00
step 755/200000 (0.38%) mL=-0.130 rew=-97330.00
step 766/200000 (0.38%) mL=2495.632 rew=-99757.00
step 767/200000 (0.38%) mL=2495.407 rew=-100600.00
step 768/200000 (0.38%) mL=2495.912 rew=-100650.00
step 788/200000 (0.39%) mL=2495.062 rew=-101793.00
step 789/200000 (0.39%) mL=-0.140 rew=-101793.00
step 793/200000 (0.40%) mL=2494.325 rew=-102485.00
step 797/200000 (0.40%) mL=2495.162 rew=-102776.00
step 798/200000 (0.40%) mL=-0.130 rew=-102776.00
step 800/200000 (0.40%) mL=2493.769 rew=-105306.00
step 801/200000 (0.40%) mL=-0.127 rew=-105306.00
step 807/200000 (0.40%) mL=-0.128 rew=-107055.00
step 812/200000 (0.41%) mL=2494.760 rew=-107504.00
step 820/200000 (0.41%) mL=2494.503 rew=-107954.00
step 821/200000 (0.41%) mL=2494.507 rew=-108138.00
step 822/200000 (0.41%) mL=2495.143 rew=-108298.00
step 833/200000 (0.42%) mL=-0.135 rew=-109223.00
step 838/200000 (0.42%) mL=2494.474 rew=-111686.00
step 841/200000 (0.42%) mL=2493.609 rew=-112445.00
step 846/200000 (0.42%) mL=2493.798 rew=-112661.00
step 848/200000 (0.42%) mL=2494.083 rew=-113003.00
step 850/200000 (0.42%) mL=2492.523 rew=-113285.00
step 851/200000 (0.43%) mL=2493.410 rew=-113315.00
step 855/200000 (0.43%) mL=-0.146 rew=-113657.00
step 868/200000 (0.43%) mL=2491.542 rew=-120000.00
step 871/200000 (0.44%) mL=-0.138 rew=-120182.00
step 876/200000 (0.44%) mL=-0.133 rew=-120673.00
step 878/200000 (0.44%) mL=-0.133 rew=-120669.00
step 880/200000 (0.44%) mL=-0.137 rew=-120659.00
step 884/200000 (0.44%) mL=2491.596 rew=-122334.00
step 889/200000 (0.44%) mL=2490.780 rew=-124042.00
step 890/200000 (0.45%) mL=895.339 rew=-124057.00
step 893/200000 (0.45%) mL=-0.141 rew=-124295.00
step 900/200000 (0.45%) mL=2491.322 rew=-126082.00
step 904/200000 (0.45%) mL=-0.141 rew=-126415.00
step 934/200000 (0.47%) mL=-0.140 rew=-129443.00
step 942/200000 (0.47%) mL=-0.141 rew=-131511.00
step 958/200000 (0.48%) mL=2491.257 rew=-134503.00
step 959/200000 (0.48%) mL=-0.138 rew=-134503.00
step 962/200000 (0.48%) mL=-0.133 rew=-134544.00
step 978/200000 (0.49%) mL=2491.590 rew=-135815.00
step 981/200000 (0.49%) mL=2491.334 rew=-140948.00
step 982/200000 (0.49%) mL=2492.849 rew=-141159.00
step 987/200000 (0.49%) mL=2491.827 rew=-142492.00
step 999/200000 (0.50%) mL=2491.289 rew=-143684.00
step 1000/200000 (0.50%) mL=2491.554 rew=-144060.00
HB NL-HMARL-AC: 1001/200000 (0.50%) mL=0.000 wL=-82.967 rew=-144419.00
step 1032/200000 (0.52%) mL=2490.501 rew=-148470.00
step 1034/200000 (0.52%) mL=-0.117 rew=-150523.00
step 1037/200000 (0.52%) mL=-0.110 rew=-152183.00
step 1039/200000 (0.52%) mL=2487.988 rew=-153963.00
step 1040/200000 (0.52%) mL=2491.776 rew=-154555.00
step 1051/200000 (0.53%) mL=2486.020 rew=-156220.00
step 1062/200000 (0.53%) mL=-0.133 rew=-156610.00
step 1083/200000 (0.54%) mL=2488.554 rew=-159708.00
step 1090/200000 (0.55%) mL=-0.104 rew=-160537.00
step 1098/200000 (0.55%) mL=-0.113 rew=-164243.00
step 1133/200000 (0.57%) mL=2487.998 rew=-175586.00
step 1139/200000 (0.57%) mL=2486.080 rew=-177698.00
step 1143/200000 (0.57%) mL=-0.125 rew=-177965.00
step 1155/200000 (0.58%) mL=2488.539 rew=-178451.00
step 1167/200000 (0.58%) mL=-0.133 rew=-180659.00
step 1176/200000 (0.59%) mL=2486.673 rew=-181780.00
step 1180/200000 (0.59%) mL=-0.134 rew=-181804.00
step 1196/200000 (0.60%) mL=2488.670 rew=-183400.00
step 1197/200000 (0.60%) mL=2487.372 rew=-183570.00
step 1199/200000 (0.60%) mL=2485.297 rew=-184730.00
step 1205/200000 (0.60%) mL=-0.133 rew=-185154.00
step 1212/200000 (0.61%) mL=2485.328 rew=-187746.00
step 1213/200000 (0.61%) mL=2486.220 rew=-188801.00
step 1226/200000 (0.61%) mL=-0.100 rew=-190044.00
step 1236/200000 (0.62%) mL=2486.526 rew=-193598.00
step 1247/200000 (0.62%) mL=-0.118 rew=-194196.00
step 1268/200000 (0.63%) mL=2490.190 rew=-199750.00
step 1276/200000 (0.64%) mL=2483.428 rew=-202178.00
step 1281/200000 (0.64%) mL=2484.768 rew=-202784.00
step 1289/200000 (0.64%) mL=2484.831 rew=-205479.00
step 1292/200000 (0.65%) mL=-0.113 rew=-205790.00
step 1303/200000 (0.65%) mL=-0.122 rew=-205926.00
step 1310/200000 (0.66%) mL=2484.291 rew=-207352.00
step 1315/200000 (0.66%) mL=-0.123 rew=-207560.00
step 1321/200000 (0.66%) mL=-0.091 rew=-208957.00
step 1343/200000 (0.67%) mL=-0.087 rew=-211123.00
step 1352/200000 (0.68%) mL=2481.107 rew=-213404.00
step 1353/200000 (0.68%) mL=-0.108 rew=-213404.00
step 1355/200000 (0.68%) mL=-0.119 rew=-214724.00
step 1358/200000 (0.68%) mL=-0.108 rew=-215128.00
step 1366/200000 (0.68%) mL=-0.123 rew=-215399.00
step 1370/200000 (0.69%) mL=-0.090 rew=-217637.00
step 1375/200000 (0.69%) mL=2483.914 rew=-218030.00
step 1380/200000 (0.69%) mL=2481.725 rew=-218597.00
step 1381/200000 (0.69%) mL=2483.844 rew=-218661.00
step 1383/200000 (0.69%) mL=2483.310 rew=-219296.00
step 1385/200000 (0.69%) mL=2482.023 rew=-222347.00
step 1391/200000 (0.70%) mL=-0.116 rew=-222666.00
step 1398/200000 (0.70%) mL=2485.658 rew=-224484.00
step 1401/200000 (0.70%) mL=2484.417 rew=-226225.00
step 1413/200000 (0.71%) mL=2483.312 rew=-226759.00
step 1419/200000 (0.71%) mL=2481.996 rew=-227759.00
step 1420/200000 (0.71%) mL=2479.787 rew=-228263.00
step 1421/200000 (0.71%) mL=2479.112 rew=-228484.00
step 1422/200000 (0.71%) mL=1748.625 rew=-228481.00
step 1423/200000 (0.71%) mL=-0.116 rew=-228481.00
step 1425/200000 (0.71%) mL=2482.058 rew=-228734.00
step 1426/200000 (0.71%) mL=2480.836 rew=-228888.00
step 1427/200000 (0.71%) mL=-0.104 rew=-228888.00
step 1429/200000 (0.71%) mL=-0.106 rew=-229930.00
step 1432/200000 (0.72%) mL=-0.088 rew=-230203.00
step 1439/200000 (0.72%) mL=-0.102 rew=-231320.00
step 1449/200000 (0.72%) mL=2480.144 rew=-232722.00
step 1450/200000 (0.72%) mL=2478.905 rew=-232900.00
step 1451/200000 (0.73%) mL=-0.096 rew=-232900.00
step 1458/200000 (0.73%) mL=-0.075 rew=-235518.00
step 1471/200000 (0.74%) mL=2478.242 rew=-238563.00
step 1478/200000 (0.74%) mL=2478.596 rew=-240551.00
step 1481/200000 (0.74%) mL=2477.313 rew=-241942.00
step 1492/200000 (0.75%) mL=2477.919 rew=-243132.00
step 1493/200000 (0.75%) mL=-0.076 rew=-243132.00
step 1497/200000 (0.75%) mL=-0.088 rew=-244583.00
step 1499/200000 (0.75%) mL=-0.120 rew=-244793.00
step 1505/200000 (0.75%) mL=2479.210 rew=-246940.00
step 1507/200000 (0.75%) mL=-0.096 rew=-247405.00
step 1510/200000 (0.76%) mL=-0.090 rew=-247832.00
step 1519/200000 (0.76%) mL=2476.909 rew=-248257.00
step 1526/200000 (0.76%) mL=2476.258 rew=-248882.00
step 1527/200000 (0.76%) mL=-0.084 rew=-248882.00
step 1540/200000 (0.77%) mL=2479.382 rew=-253463.00
step 1544/200000 (0.77%) mL=2475.791 rew=-253905.00
step 1548/200000 (0.77%) mL=2470.944 rew=-256987.00
step 1556/200000 (0.78%) mL=-0.082 rew=-257446.00
step 1566/200000 (0.78%) mL=2477.145 rew=-258274.00
step 1574/200000 (0.79%) mL=2475.587 rew=-259480.00
step 1578/200000 (0.79%) mL=-0.084 rew=-259916.00
step 1580/200000 (0.79%) mL=2476.009 rew=-260141.00
step 1585/200000 (0.79%) mL=2474.235 rew=-260875.00
step 1591/200000 (0.80%) mL=-0.065 rew=-263628.00
step 1601/200000 (0.80%) mL=2479.607 rew=-264282.00
step 1605/200000 (0.80%) mL=-0.092 rew=-264387.00
step 1608/200000 (0.80%) mL=-0.088 rew=-264920.00
step 1614/200000 (0.81%) mL=2476.383 rew=-266299.00
step 1615/200000 (0.81%) mL=2474.855 rew=-266497.00
step 1623/200000 (0.81%) mL=2476.004 rew=-267472.00
step 1629/200000 (0.81%) mL=2473.714 rew=-268393.00
step 1630/200000 (0.81%) mL=2471.765 rew=-268610.00
step 1631/200000 (0.82%) mL=-0.087 rew=-268610.00
step 1651/200000 (0.83%) mL=-0.075 rew=-270572.00
step 1658/200000 (0.83%) mL=2182.611 rew=-271829.00
step 1659/200000 (0.83%) mL=2471.971 rew=-271909.00
step 1668/200000 (0.83%) mL=2473.430 rew=-274466.00
step 1671/200000 (0.84%) mL=-0.041 rew=-274457.00
step 1679/200000 (0.84%) mL=2471.455 rew=-275529.00
step 1684/200000 (0.84%) mL=-0.046 rew=-276625.00
step 1698/200000 (0.85%) mL=2467.952 rew=-281654.00
step 1702/200000 (0.85%) mL=-0.859 rew=-282918.00
step 1718/200000 (0.86%) mL=2469.590 rew=-283957.00
step 1730/200000 (0.86%) mL=-0.045 rew=-287767.00
step 1733/200000 (0.87%) mL=2467.708 rew=-288569.00
step 1751/200000 (0.88%) mL=2470.014 rew=-296213.00
step 1769/200000 (0.88%) mL=-0.058 rew=-296992.00
step 1782/200000 (0.89%) mL=2472.812 rew=-300390.00
step 1787/200000 (0.89%) mL=-0.040 rew=-302036.00
step 1791/200000 (0.90%) mL=-0.042 rew=-303595.00
step 1800/200000 (0.90%) mL=2469.626 rew=-304094.00
step 1805/200000 (0.90%) mL=-0.048 rew=-304855.00
step 1810/200000 (0.91%) mL=-0.045 rew=-305097.00
step 1825/200000 (0.91%) mL=2471.629 rew=-307436.00
step 1828/200000 (0.91%) mL=0.060 rew=-307971.00
step 1844/200000 (0.92%) mL=2467.631 rew=-310033.00
step 1846/200000 (0.92%) mL=-0.042 rew=-310224.00
step 1872/200000 (0.94%) mL=-0.021 rew=-314264.00
step 1879/200000 (0.94%) mL=-0.029 rew=-315279.00
step 1885/200000 (0.94%) mL=2467.176 rew=-316633.00
step 1889/200000 (0.94%) mL=2466.461 rew=-317933.00
step 1895/200000 (0.95%) mL=-0.030 rew=-318775.00
step 1897/200000 (0.95%) mL=2467.863 rew=-318905.00
step 1898/200000 (0.95%) mL=2468.189 rew=-319064.00
step 1901/200000 (0.95%) mL=-0.030 rew=-319095.00
step 1907/200000 (0.95%) mL=-0.034 rew=-319192.00
step 1910/200000 (0.95%) mL=2464.337 rew=-325787.00
step 1911/200000 (0.96%) mL=2470.765 rew=-326076.00
step 1912/200000 (0.96%) mL=-0.455 rew=-326076.00
step 1916/200000 (0.96%) mL=-0.026 rew=-326667.00
step 1919/200000 (0.96%) mL=2468.062 rew=-326962.00
step 1923/200000 (0.96%) mL=2468.775 rew=-328611.00
step 1928/200000 (0.96%) mL=-0.036 rew=-329491.00
step 1931/200000 (0.97%) mL=2468.896 rew=-329908.00
step 1934/200000 (0.97%) mL=2472.743 rew=-330972.00
step 1937/200000 (0.97%) mL=2467.137 rew=-331448.00
step 1953/200000 (0.98%) mL=1003.322 rew=-332513.00
step 1957/200000 (0.98%) mL=2463.605 rew=-333256.00
step 1958/200000 (0.98%) mL=2465.997 rew=-333479.00
step 1969/200000 (0.98%) mL=-0.025 rew=-333906.00
step 1972/200000 (0.99%) mL=2466.352 rew=-335724.00
step 1973/200000 (0.99%) mL=-0.014 rew=-335724.00
step 1990/200000 (0.99%) mL=0.004 rew=-336570.00
step 1992/200000 (1.00%) mL=2462.982 rew=-336774.00
step 1993/200000 (1.00%) mL=-0.023 rew=-336774.00
step 1995/200000 (1.00%) mL=2470.014 rew=-337086.00
step 1996/200000 (1.00%) mL=2460.113 rew=-337397.00
step 1997/200000 (1.00%) mL=2460.736 rew=-337691.00
step 1998/200000 (1.00%) mL=2456.407 rew=-339481.00
step 1999/200000 (1.00%) mL=0.006 rew=-339481.00
HB NL-HMARL-AC: 2001/200000 (1.00%) mL=0.000 wL=72823.992 rew=-339481.00
step 2003/200000 (1.00%) mL=-0.027 rew=-339521.00
step 2007/200000 (1.00%) mL=2459.341 rew=-340219.00
step 2008/200000 (1.00%) mL=0.010 rew=-340219.00
step 2011/200000 (1.01%) mL=2463.393 rew=-340520.00
step 2022/200000 (1.01%) mL=0.002 rew=-341317.00
step 2025/200000 (1.01%) mL=-0.007 rew=-341547.00
step 2027/200000 (1.01%) mL=0.016 rew=-341639.00
step 2033/200000 (1.02%) mL=0.009 rew=-341768.00
step 2042/200000 (1.02%) mL=0.045 rew=-342125.00
step 2051/200000 (1.03%) mL=2459.083 rew=-342844.00
step 2056/200000 (1.03%) mL=0.018 rew=-343046.00
step 2064/200000 (1.03%) mL=2456.496 rew=-344516.00
step 2083/200000 (1.04%) mL=2457.603 rew=-348685.00
step 2084/200000 (1.04%) mL=2461.578 rew=-348808.00
step 2097/200000 (1.05%) mL=2460.795 rew=-351203.00
step 2099/200000 (1.05%) mL=2458.156 rew=-351826.00
step 2105/200000 (1.05%) mL=0.012 rew=-353418.00
step 2112/200000 (1.06%) mL=0.005 rew=-353695.00
step 2119/200000 (1.06%) mL=2461.014 rew=-355122.00
step 2120/200000 (1.06%) mL=-0.004 rew=-355122.00
step 2132/200000 (1.07%) mL=2459.226 rew=-356968.00
step 2133/200000 (1.07%) mL=2456.924 rew=-357040.00
step 2154/200000 (1.08%) mL=2459.415 rew=-358970.00
step 2155/200000 (1.08%) mL=0.028 rew=-358970.00
step 2163/200000 (1.08%) mL=0.054 rew=-359845.00
step 2169/200000 (1.08%) mL=1729.310 rew=-360474.00
step 2180/200000 (1.09%) mL=2453.076 rew=-364527.00
step 2190/200000 (1.09%) mL=31.194 rew=-365220.00
step 2194/200000 (1.10%) mL=2453.203 rew=-368108.00
step 2203/200000 (1.10%) mL=0.076 rew=-369198.00
step 2205/200000 (1.10%) mL=2457.440 rew=-369641.00
step 2206/200000 (1.10%) mL=2454.212 rew=-369727.00
step 2208/200000 (1.10%) mL=2456.666 rew=-370311.00
step 2214/200000 (1.11%) mL=2454.224 rew=-370608.00
step 2219/200000 (1.11%) mL=2454.260 rew=-374274.00
step 2234/200000 (1.12%) mL=2451.023 rew=-377100.00
step 2242/200000 (1.12%) mL=0.093 rew=-377872.00
step 2247/200000 (1.12%) mL=0.098 rew=-378375.00
step 2250/200000 (1.12%) mL=0.061 rew=-378510.00
step 2252/200000 (1.13%) mL=2449.029 rew=-380836.00
step 2257/200000 (1.13%) mL=2449.855 rew=-384296.00
step 2259/200000 (1.13%) mL=0.129 rew=-384396.00
step 2261/200000 (1.13%) mL=2449.248 rew=-384750.00
step 2263/200000 (1.13%) mL=2447.622 rew=-385027.00
step 2264/200000 (1.13%) mL=0.099 rew=-385027.00
step 2269/200000 (1.13%) mL=2445.883 rew=-386767.00
step 2271/200000 (1.14%) mL=0.154 rew=-387543.00
step 2274/200000 (1.14%) mL=2453.267 rew=-388069.00
step 2277/200000 (1.14%) mL=2447.241 rew=-388644.00
step 2280/200000 (1.14%) mL=0.014 rew=-389367.00
step 2298/200000 (1.15%) mL=2451.034 rew=-390110.00
step 2308/200000 (1.15%) mL=2448.298 rew=-391620.00
step 2317/200000 (1.16%) mL=0.154 rew=-392013.00
step 2319/200000 (1.16%) mL=2445.993 rew=-392289.00
step 2346/200000 (1.17%) mL=2445.814 rew=-394502.00
step 2347/200000 (1.17%) mL=0.148 rew=-394502.00
step 2354/200000 (1.18%) mL=2444.952 rew=-395079.00
step 2357/200000 (1.18%) mL=2438.526 rew=-396244.00
step 2359/200000 (1.18%) mL=2443.976 rew=-399304.00
step 2362/200000 (1.18%) mL=2443.124 rew=-399626.00
step 2363/200000 (1.18%) mL=2445.372 rew=-399665.00
step 2375/200000 (1.19%) mL=2440.641 rew=-402794.00
step 2379/200000 (1.19%) mL=2442.498 rew=-403648.00
step 2380/200000 (1.19%) mL=2439.648 rew=-404160.00
step 2381/200000 (1.19%) mL=0.236 rew=-404160.00
step 2396/200000 (1.20%) mL=0.508 rew=-409943.00
step 2411/200000 (1.21%) mL=749.435 rew=-411760.00
step 2413/200000 (1.21%) mL=2439.283 rew=-412107.00
step 2417/200000 (1.21%) mL=2435.282 rew=-412414.00
step 2426/200000 (1.21%) mL=0.209 rew=-414830.00
step 2453/200000 (1.23%) mL=0.309 rew=-418696.00
step 2479/200000 (1.24%) mL=2433.559 rew=-423814.00
step 2481/200000 (1.24%) mL=0.266 rew=-426276.00
step 2495/200000 (1.25%) mL=2433.761 rew=-427562.00
step 2498/200000 (1.25%) mL=0.310 rew=-427917.00
step 2503/200000 (1.25%) mL=0.310 rew=-428034.00
step 2514/200000 (1.26%) mL=0.301 rew=-429439.00
step 2519/200000 (1.26%) mL=2433.028 rew=-431824.00
step 2520/200000 (1.26%) mL=2435.510 rew=-432184.00
step 2526/200000 (1.26%) mL=0.294 rew=-432463.00
step 2535/200000 (1.27%) mL=2426.318 rew=-434659.00
step 2536/200000 (1.27%) mL=0.298 rew=-434659.00
step 2550/200000 (1.27%) mL=0.343 rew=-436328.00
step 2563/200000 (1.28%) mL=2430.834 rew=-440713.00
step 2569/200000 (1.28%) mL=2429.612 rew=-441254.00
step 2577/200000 (1.29%) mL=0.308 rew=-442228.00
step 2588/200000 (1.29%) mL=2432.534 rew=-444321.00
step 2594/200000 (1.30%) mL=0.307 rew=-446388.00
step 2605/200000 (1.30%) mL=2427.660 rew=-449053.00
step 2611/200000 (1.31%) mL=2430.220 rew=-452203.00
step 2615/200000 (1.31%) mL=2424.098 rew=-454688.00
step 2616/200000 (1.31%) mL=0.323 rew=-454688.00
step 2618/200000 (1.31%) mL=2435.511 rew=-454810.00
step 2635/200000 (1.32%) mL=2426.156 rew=-460651.00
step 2646/200000 (1.32%) mL=0.284 rew=-461508.00
step 2661/200000 (1.33%) mL=0.364 rew=-463138.00
step 2666/200000 (1.33%) mL=2430.270 rew=-465189.00
step 2667/200000 (1.33%) mL=0.384 rew=-465189.00
step 2672/200000 (1.34%) mL=0.250 rew=-465988.00
step 2690/200000 (1.34%) mL=798.601 rew=-467392.00
step 2691/200000 (1.35%) mL=2427.179 rew=-467487.00
step 2697/200000 (1.35%) mL=0.363 rew=-468447.00
step 2702/200000 (1.35%) mL=2428.748 rew=-471458.00
step 2708/200000 (1.35%) mL=0.407 rew=-472050.00
step 2711/200000 (1.36%) mL=0.442 rew=-472698.00
step 2714/200000 (1.36%) mL=0.419 rew=-474474.00
step 2724/200000 (1.36%) mL=0.434 rew=-475825.00
step 2728/200000 (1.36%) mL=2425.418 rew=-475954.00
step 2729/200000 (1.36%) mL=2425.751 rew=-476075.00
step 2731/200000 (1.37%) mL=2425.877 rew=-476087.00
step 2732/200000 (1.37%) mL=2425.467 rew=-476357.00
step 2733/200000 (1.37%) mL=0.408 rew=-476357.00
step 2735/200000 (1.37%) mL=0.323 rew=-476451.00
step 2744/200000 (1.37%) mL=2425.903 rew=-479782.00
step 2746/200000 (1.37%) mL=0.398 rew=-479799.00
step 2756/200000 (1.38%) mL=0.375 rew=-480836.00
step 2763/200000 (1.38%) mL=2424.852 rew=-482403.00
step 2770/200000 (1.39%) mL=2427.179 rew=-483147.00
step 2776/200000 (1.39%) mL=2425.266 rew=-484417.00
step 2779/200000 (1.39%) mL=2425.913 rew=-484638.00
step 2785/200000 (1.39%) mL=2425.816 rew=-485563.00
step 2786/200000 (1.39%) mL=2423.476 rew=-485708.00
step 2799/200000 (1.40%) mL=0.512 rew=-493934.00
step 2809/200000 (1.40%) mL=0.499 rew=-498242.00
step 2840/200000 (1.42%) mL=0.327 rew=-507002.00
step 2842/200000 (1.42%) mL=0.401 rew=-507110.00
step 2846/200000 (1.42%) mL=2423.622 rew=-508382.00
step 2847/200000 (1.42%) mL=2423.829 rew=-508465.00
step 2857/200000 (1.43%) mL=2421.620 rew=-510495.00
step 2861/200000 (1.43%) mL=0.450 rew=-511467.00
step 2863/200000 (1.43%) mL=0.494 rew=-511684.00
step 2871/200000 (1.44%) mL=2421.065 rew=-512781.00
step 2877/200000 (1.44%) mL=0.461 rew=-514619.00
step 2881/200000 (1.44%) mL=2420.656 rew=-517891.00
step 2888/200000 (1.44%) mL=0.447 rew=-518116.00
step 2900/200000 (1.45%) mL=2418.810 rew=-520202.00
step 2901/200000 (1.45%) mL=2421.833 rew=-520497.00
step 2902/200000 (1.45%) mL=2422.073 rew=-520597.00
step 2919/200000 (1.46%) mL=2422.813 rew=-524000.00
step 2936/200000 (1.47%) mL=0.498 rew=-527266.00
step 2939/200000 (1.47%) mL=2042.728 rew=-527306.00
step 2944/200000 (1.47%) mL=0.548 rew=-531792.00
step 2946/200000 (1.47%) mL=0.560 rew=-532294.00
step 2959/200000 (1.48%) mL=2409.558 rew=-537344.00
step 2960/200000 (1.48%) mL=0.555 rew=-537344.00
step 2966/200000 (1.48%) mL=2419.004 rew=-541372.00
step 2975/200000 (1.49%) mL=2420.133 rew=-542208.00
step 2988/200000 (1.49%) mL=2413.045 rew=-543398.00
step 2991/200000 (1.50%) mL=2413.920 rew=-544026.00
step 2997/200000 (1.50%) mL=2413.884 rew=-545955.00
HB NL-HMARL-AC: 3001/200000 (1.50%) mL=0.587 wL=445.923 rew=-546520.00
step 3001/200000 (1.50%) mL=0.587 rew=-546520.00
step 3016/200000 (1.51%) mL=1453.040 rew=-548555.00
step 3017/200000 (1.51%) mL=0.457 rew=-548555.00
step 3019/200000 (1.51%) mL=445.110 rew=-548848.00
step 3020/200000 (1.51%) mL=2413.235 rew=-548970.00
step 3021/200000 (1.51%) mL=0.688 rew=-548970.00
step 3027/200000 (1.51%) mL=0.696 rew=-549537.00
step 3030/200000 (1.51%) mL=0.667 rew=-549613.00
step 3045/200000 (1.52%) mL=2415.808 rew=-550723.00
step 3050/200000 (1.52%) mL=1.527 rew=-551283.00
step 3054/200000 (1.53%) mL=2402.676 rew=-552278.00
step 3055/200000 (1.53%) mL=0.712 rew=-552278.00
step 3069/200000 (1.53%) mL=2407.643 rew=-553390.00
step 3070/200000 (1.53%) mL=2408.411 rew=-553528.00
step 3077/200000 (1.54%) mL=2431.129 rew=-553933.00
step 3087/200000 (1.54%) mL=2407.422 rew=-558583.00
step 3118/200000 (1.56%) mL=2407.256 rew=-565477.00
step 3127/200000 (1.56%) mL=2416.245 rew=-568891.00
step 3130/200000 (1.56%) mL=2400.106 rew=-569747.00
step 3136/200000 (1.57%) mL=2400.775 rew=-572348.00
step 3141/200000 (1.57%) mL=2403.087 rew=-572407.00
step 3154/200000 (1.58%) mL=2397.363 rew=-580447.00
step 3159/200000 (1.58%) mL=2399.562 rew=-580943.00
step 3168/200000 (1.58%) mL=0.910 rew=-583279.00
step 3180/200000 (1.59%) mL=2398.773 rew=-584970.00
step 3182/200000 (1.59%) mL=2392.243 rew=-589200.00
step 3183/200000 (1.59%) mL=1.118 rew=-589200.00
step 3186/200000 (1.59%) mL=2389.634 rew=-592666.00
step 3190/200000 (1.59%) mL=2394.047 rew=-595640.00
step 3200/200000 (1.60%) mL=0.935 rew=-596760.00
step 3202/200000 (1.60%) mL=2389.750 rew=-597233.00
/opt/anaconda3/lib/python3.11/multiprocessing/resource_tracker.py:254: UserWarning: resource_tracker: There appear to be 1 leaked semaphore objects to clean up at shutdown
  warnings.warn('resource_tracker: There appear to be %d '
