step 0/10000 mL=0.086 wL=-0.503 rew=-0.33
step 500/10000 mL=nan wL=0.621 rew=-0.26
step 1000/10000 mL=nan wL=0.138 rew=-0.46
step 1500/10000 mL=nan wL=0.737 rew=-1.24
step 2000/10000 mL=nan wL=424.330 rew=-1.33
step 2500/10000 mL=nan wL=1.659 rew=-1.25
step 3000/10000 mL=nan wL=1.868 rew=-1.30
step 3500/10000 mL=0.016 wL=0.109 rew=-1.28
step 4000/10000 mL=nan wL=0.743 rew=-1.23
step 4500/10000 mL=nan wL=0.516 rew=-1.17
step 5000/10000 mL=nan wL=-1.325 rew=-1.23
step 5500/10000 mL=nan wL=0.082 rew=-1.30
step 6000/10000 mL=nan wL=0.297 rew=-1.38
step 6500/10000 mL=nan wL=1.188 rew=-1.27
step 7000/10000 mL=nan wL=0.506 rew=-1.27
step 7500/10000 mL=nan wL=2.131 rew=-1.27
step 8000/10000 mL=nan wL=-0.699 rew=-1.27
step 8500/10000 mL=nan wL=-1.128 rew=-1.33
step 9000/10000 mL=nan wL=0.355 rew=-1.30
step 9500/10000 mL=nan wL=-1.469 rew=-1.35
step 0/20000 mL=0.051 wL=-0.441 rew=-0.29
step 500/20000 mL=nan wL=-0.630 rew=-0.33
step 1000/20000 mL=nan wL=-1.287 rew=-0.55
step 1500/20000 mL=nan wL=-0.038 rew=-1.31
step 2000/20000 mL=nan wL=1486.463 rew=-1.22
step 2500/20000 mL=nan wL=1.431 rew=-1.17
step 3000/20000 mL=nan wL=-0.134 rew=-1.33
step 3500/20000 mL=nan wL=-1.790 rew=-1.26
step 4000/20000 mL=nan wL=-0.504 rew=-1.23
step 4500/20000 mL=nan wL=-0.225 rew=-1.25
step 5000/20000 mL=nan wL=0.558 rew=-1.38
step 5500/20000 mL=nan wL=2.052 rew=-1.12
step 6000/20000 mL=nan wL=0.526 rew=-1.30
step 6500/20000 mL=nan wL=1.458 rew=-1.27
step 7000/20000 mL=nan wL=-0.230 rew=-1.33
step 7500/20000 mL=nan wL=-2.233 rew=-1.38
step 8000/20000 mL=nan wL=-1.081 rew=-1.33
step 8500/20000 mL=nan wL=-0.529 rew=-1.33
step 9000/20000 mL=nan wL=2.539 rew=-1.20
step 9500/20000 mL=nan wL=0.174 rew=-1.38
step 10000/20000 mL=nan wL=-0.955 rew=-1.23
step 10500/20000 mL=nan wL=-0.932 rew=-1.30
step 11000/20000 mL=nan wL=-1.567 rew=-1.40
step 11500/20000 mL=nan wL=-1.775 rew=-1.35
step 12000/20000 mL=nan wL=-0.143 rew=-1.27
step 12500/20000 mL=nan wL=0.527 rew=-1.27
step 13000/20000 mL=nan wL=-0.486 rew=-1.25
step 13500/20000 mL=nan wL=-1.210 rew=-1.33
step 14000/20000 mL=nan wL=0.277 rew=-1.30
step 14500/20000 mL=nan wL=-0.482 rew=-1.27
step 15000/20000 mL=nan wL=1.335 rew=-1.27
step 15500/20000 mL=nan wL=1.085 rew=-1.30
step 16000/20000 mL=nan wL=-2.083 rew=-1.45
step 16500/20000 mL=nan wL=1.186 rew=-1.33
step 17000/20000 mL=nan wL=0.334 rew=-1.35
step 17500/20000 mL=nan wL=1.624 rew=-1.23
step 18000/20000 mL=nan wL=1.161 rew=-1.27
step 18500/20000 mL=nan wL=-0.706 rew=-1.30
step 19000/20000 mL=nan wL=-2.182 rew=-1.40
step 19500/20000 mL=nan wL=0.008 rew=-1.23
step 0/20000 mL=0.068 wL=-0.422 rew=-0.28
step 500/20000 mL=nan wL=1.633 rew=-0.21
step 1000/20000 mL=nan wL=0.394 rew=-0.47
step 1500/20000 mL=nan wL=1.402 rew=-1.23
step 2000/20000 mL=nan wL=484.301 rew=-1.23
step 2500/20000 mL=nan wL=-1.034 rew=-1.28
step 3000/20000 mL=nan wL=-0.512 rew=-1.21
step 3500/20000 mL=nan wL=0.231 rew=-1.29
step 4000/20000 mL=nan wL=0.497 rew=-1.35
step 4500/20000 mL=nan wL=0.065 rew=-1.26
step 5000/20000 mL=nan wL=1.053 rew=-1.28
step 5500/20000 mL=nan wL=1.636 rew=-1.26
step 6000/20000 mL=nan wL=-1.279 rew=-1.31
step 6500/20000 mL=nan wL=-1.402 rew=-1.31
step 7000/20000 mL=nan wL=-0.838 rew=-1.26
step 7500/20000 mL=nan wL=-1.888 rew=-1.31
step 8000/20000 mL=nan wL=0.370 rew=-1.21
step 8500/20000 mL=nan wL=0.034 rew=-1.38
step 9000/20000 mL=nan wL=-0.114 rew=-1.31
step 9500/20000 mL=nan wL=0.375 rew=-1.33
step 10000/20000 mL=nan wL=-1.057 rew=-1.31
step 10500/20000 mL=nan wL=2.772 rew=-1.18
step 11000/20000 mL=nan wL=-0.469 rew=-1.31
step 11500/20000 mL=nan wL=-0.781 rew=-1.33
step 12000/20000 mL=nan wL=0.413 rew=-1.31
step 12500/20000 mL=nan wL=-0.406 rew=-1.21
step 13000/20000 mL=nan wL=-3.597 rew=-1.43
step 13500/20000 mL=nan wL=-1.008 rew=-1.28
step 14000/20000 mL=nan wL=-1.137 rew=-1.38
step 14500/20000 mL=nan wL=-1.112 rew=-1.28
step 15000/20000 mL=nan wL=1.039 rew=-1.28
step 15500/20000 mL=nan wL=2.092 rew=-1.18
step 16000/20000 mL=nan wL=-0.294 rew=-1.31
step 16500/20000 mL=nan wL=1.630 rew=-1.21
step 17000/20000 mL=nan wL=1.017 rew=-1.21
step 17500/20000 mL=nan wL=-0.271 rew=-1.28
step 18000/20000 mL=nan wL=1.082 rew=-1.28
step 18500/20000 mL=nan wL=0.288 rew=-1.28
step 19000/20000 mL=nan wL=0.159 rew=-1.36
step 19500/20000 mL=nan wL=1.050 rew=-1.18
step 0/20000 mL=0.082 wL=-0.445 rew=-0.31
step 500/20000 mL=nan wL=0.018 rew=-0.22
step 1000/20000 mL=nan wL=-0.309 rew=-0.54
step 1500/20000 mL=nan wL=0.395 rew=-1.26
step 2000/20000 mL=nan wL=696.037 rew=-1.29
step 2500/20000 mL=nan wL=0.804 rew=-1.18
step 3000/20000 mL=nan wL=-2.210 rew=-1.37
step 3500/20000 mL=nan wL=-0.194 rew=-1.24
step 4000/20000 mL=nan wL=1.565 rew=-1.26
step 4500/20000 mL=nan wL=2.505 rew=-1.12
step 5000/20000 mL=-0.029 wL=-0.558 rew=-1.27
step 5500/20000 mL=nan wL=-1.530 rew=-1.33
step 6000/20000 mL=nan wL=-0.653 rew=-1.27
step 6500/20000 mL=nan wL=-1.517 rew=-1.27
step 7000/20000 mL=nan wL=1.135 rew=-1.31
step 7500/20000 mL=nan wL=0.260 rew=-1.25
step 8000/20000 mL=-0.016 wL=3.217 rew=-1.21
step 8500/20000 mL=nan wL=1.183 rew=-1.25
step 9000/20000 mL=nan wL=-0.047 rew=-1.50
step 9500/20000 mL=nan wL=-0.038 rew=-1.44
step 10000/20000 mL=nan wL=-1.048 rew=-1.23
step 10500/20000 mL=nan wL=-1.542 rew=-1.32
step 11000/20000 mL=nan wL=1.674 rew=-1.16
step 11500/20000 mL=nan wL=-0.761 rew=-1.24
step 12000/20000 mL=nan wL=2.023 rew=-1.24
step 12500/20000 mL=nan wL=1.456 rew=-1.23
step 13000/20000 mL=nan wL=1.998 rew=-1.09
step 13500/20000 mL=nan wL=-0.852 rew=-1.28
step 14000/20000 mL=-0.025 wL=-1.893 rew=-1.26
step 14500/20000 mL=nan wL=0.829 rew=-1.25
step 15000/20000 mL=nan wL=0.147 rew=-1.28
step 15500/20000 mL=nan wL=-0.824 rew=-1.30
step 16000/20000 mL=nan wL=0.685 rew=-1.27
step 16500/20000 mL=nan wL=3.386 rew=-1.19
step 17000/20000 mL=nan wL=-1.029 rew=-1.37
step 17500/20000 mL=nan wL=-0.957 rew=-1.32
step 18000/20000 mL=nan wL=1.682 rew=-1.21
step 18500/20000 mL=nan wL=0.462 rew=-1.24
step 19000/20000 mL=nan wL=-0.442 rew=-1.27
step 19500/20000 mL=nan wL=1.185 rew=-1.35
